// Jest Snapshot v1, https://goo.gl/fbAQLP

exports[`renders correctly 1`] = `
<Page
  className="page"
>
  <Logo />
  <div
    className="top"
  >
    <Input
      className="input"
      onChange={[Function]}
      onFocus={[Function]}
      placeholder="Enter party ID"
      type="number"
      value=""
    />
    <Button
      className="codeLink"
      disabled={true}
      onClick={[Function]}
    >
      Go!
    </Button>
  </div>
  <div
    className="bottom"
  >
    <Link
      className="startGameBtn text"
      to="/names"
    >
      Create new game
    </Link>
  </div>
</Page>
`;
