// Jest Snapshot v1, https://goo.gl/fbAQLP

exports[`routes should return the correct routes 1`] = `
Object {
  "game": Object {
    "component": [Function],
    "params": Object {
      "partyID": "partyID",
    },
    "route": "/game",
  },
  "home": Object {
    "component": [Function],
    "route": "/",
  },
  "lobby": Object {
    "component": [Function],
    "params": Object {
      "partyID": "partyID",
    },
    "route": "/lobby",
  },
  "names": Object {
    "component": [Function],
    "route": "/names",
  },
}
`;
